--- Starting MCP Server Test ---

1. Initializing...
DEBUG Received: {"jsonrpc":"2.0","id":1,"result":{"protocolVersion":"2024-11-05","capabilities":{"experimental":{},"prompts":{"listChanged":false},"resources":{"subscribe":false,"listChanged":false},"tools":{"listChanged":false}},"serverInfo":{"name":"Healthcare Fraud Detection","version":"1.21.2"}}}
   Server Info: {'name': 'Healthcare Fraud Detection', 'version': '1.21.2'}

2. Listing Tools...
DEBUG Received: {"jsonrpc":"2.0","id":2,"result":{"tools":[{"name":"get_provider_data","description":"\n    Fetches raw feature data for a provider.\n    Args:\n        npi: The National Provider Identifier (10 digits).\n    ","inputSchema":{"properties":{"npi":{"title":"Npi","type":"integer"}},"required":["npi"],"title":"get_provider_dataArguments","type":"object"},"outputSchema":{"properties":{"result":{"title":"Result","type":"string"}},"required":["result"],"title":"get_provider_dataOutput","type":"object"}},{"name":"predict_fraud_risk","description":"\n    Calculates the fraud risk score (0.0 to 1.0) for a provider using the Deep Learning model.\n    Args:\n        npi: The National Provider Identifier.\n    ","inputSchema":{"properties":{"npi":{"title":"Npi","type":"integer"}},"required":["npi"],"title":"predict_fraud_riskArguments","type":"object"},"outputSchema":{"properties":{"result":{"title":"Result","type":"number"}},"required":["result"],"title":"predict_fraud_riskOutput","type":"object"}},{"name":"explain_fraud_risk","description":"\n    Generates a SHAP explanation for the fraud risk score.\n    Returns a text summary of the top contributing features.\n    Args:\n        npi: The National Provider Identifier.\n    ","inputSchema":{"properties":{"npi":{"title":"Npi","type":"integer"}},"required":["npi"],"title":"explain_fraud_riskArguments","type":"object"},"outputSchema":{"properties":{"result":{"title":"Result","type":"string"}},"required":["result"],"title":"explain_fraud_riskOutput","type":"object"}}]}}
   - get_provider_data: Fetches raw feature data for a provider.
   - predict_fraud_risk: Calculates the fraud risk score (0.0 to 1.0) for a provider using the Deep Learning model.
   - explain_fraud_risk: Generates a SHAP explanation for the fraud risk score.

3. Calling Tool: predict_fraud_risk (NPI: 1003000126)...
DEBUG Received: {"jsonrpc":"2.0","id":3,"result":{"content":[{"type":"text","text":"0.023159317672252655"}],"structuredContent":{"result":0.023159317672252655},"isError":false}}
   Risk Score: 0.023159317672252655

4. Calling Tool: explain_fraud_risk (NPI: 1003000126)...
DEBUG Received: {"jsonrpc":"2.0","id":4,"result":{"content":[{"type":"text","text":"Top Risk Factors:\n- cost_per_service: -0.6812\n- services_per_bene: -0.1078\n- spb_z_tanh: -0.0211\n"}],"structuredContent":{"result":"Top Risk Factors:\n- cost_per_service: -0.6812\n- services_per_bene: -0.1078\n- spb_z_tanh: -0.0211\n"},"isError":false}}
   Explanation:
     Top Risk Factors:
     - cost_per_service: -0.6812
     - services_per_bene: -0.1078
     - spb_z_tanh: -0.0211

5. Listing Resources...
DEBUG Received: {"jsonrpc":"2.0","id":5,"result":{"resources":[{"name":"list_high_risk_providers","uri":"fraud://providers/list","description":"Returns a list of providers with high cost metrics.","mimeType":"text/plain"}]}}
   - fraud://providers/list: list_high_risk_providers

6. Reading Resource: fraud://providers/list
DEBUG Received: {"jsonrpc":"2.0","id":6,"result":{"contents":[{"uri":"fraud://providers/list","mimeType":"text/plain","text":"|   provider_id | Prscrbr_First_Name   | Prscrbr_Last_Org_Name   | specialty                    |\n|--------------:|:---------------------|:------------------------|:-----------------------------|\n|    1003000746 | Mike                 | Gallegos                | 0                            |\n|    1003001645 | Vinod                | Trivedi                 | Infectious Disease           |\n|    1003002049 | Lakshmi              | Srinivasan              | Endocrinology                |\n|    1003003062 | Fatima               | Walizada                | 0                            |\n|    1003004128 | Amir                 | Razavi                  | 0                            |\n|    1003004391 | David                | Walker                  | 0                            |\n|    1003004771 | Erin                 | Riggle                  | Critical Care (Intensivists) |\n|    1003005745 | Jahannaz             | Dastgir                 | 0                            |\n|    1003006172 | Nestor               | Quezada                 | Infectious Disease           |\n|    1003006198 | Laura                | Cinski                  | Neurology                    |"}]}}
   Content Preview:
|   provider_id | Prscrbr_First_Name   | Prscrbr_Last_Org_Name   | specialty                    |
|--------------:|:---------------------|:------------------------|:-----------------------------|
|   ...

--- Test Complete ---
